// Jest Snapshot v1, https://goo.gl/fbAQLP

exports[`기존 사진이랑 바뀐게 없는지 비교해보자 with snapshotTest 1`] = `
<div>
  <div>
    jestUI테스트 중입니다.
  </div>
  예시 1 : 
  <input
    type="text"
  />
  <button>
    예시 1
  </button>
</div>
`;
